// Jest Snapshot v1, https://goo.gl/fbAQLP

exports[`<Overlay /> should match snapshot 1`] = `
<div>
  <div
    class=""
    type="example-type"
  >
    <div>
      text
    </div>
  </div>
</div>
`;
