// Jest Snapshot v1, https://goo.gl/fbAQLP

exports[`<HomeContainer /> should match snapshot 1`] = `
.c0 {
  width: 100%;
  margin-top: 8rem;
  margin-left: auto;
  margin-right: auto;
  padding: 1rem 3rem;
}

@media (min-width: 640px) {
  .c0 {
    max-width: 640px;
  }
}

@media (min-width: 768px) {
  .c0 {
    max-width: 768px;
  }
}

@media (min-width: 1024px) {
  .c0 {
    max-width: 1024px;
  }
}

@media (min-width: 1280px) {
  .c0 {
    max-width: 1280px;
  }
}

@media (min-width: 1536px) {
  .c0 {
    max-width: 1536px;
  }
}

<div>
  <div
    class="c0"
  >
    <div>
      Test
    </div>
  </div>
</div>
`;
