// Jest Snapshot v1, https://goo.gl/fbAQLP

exports[`<HeroButton /> should match snapshot 1`] = `
.c0 {
  padding: 1rem 1.5rem;
  border-radius: 9999px;
  color: #FFFFFF;
  font-weight: bold;
  cursor: pointer;
  display: inline-flex;
  align-items: center;
  justify-content: center;
  min-width: 150px;
  transition: scale ease-in-out 0.2s;
  border: transparent;
  background: linear-gradient(to bottom right, #1E90FF, #4169E1, #00008B);
}

.c0:hover {
  transition: scale ease-in-out 0.2s;
  scale: calc(1.03);
}

@media ((max-width: 768px)) {
  .c0 {
    width: 100%;
  }
}

<div>
  <button
    class="c0 dark"
    from="#1E90FF"
    to="#00008B"
    type="default"
    via="#4169E1"
  >
    Me Contrate
  </button>
</div>
`;
