// Jest Snapshot v1, https://goo.gl/fbAQLP

exports[`<Label /> should match snapshot 1`] = `
.c0 {
  color: white;
  display: block;
  margin-bottom: 1rem;
  font-size: 1.5rem;
  font-weight: 500;
}

<div>
  <label
    class="c0"
    for="email"
  >
    Your email
  </label>
</div>
`;
