// Jest Snapshot v1, https://goo.gl/fbAQLP

exports[`<OverlayItem /> should match snapshot 1`] = `
.c0 {
  margin: 1rem 0;
  font-weight: 800;
  font-style: normal;
}

<div>
  <li
    class="c0"
  >
    <div>
      text
    </div>
  </li>
</div>
`;
