// Jest Snapshot v1, https://goo.gl/fbAQLP

exports[`<NavContainer /> should match snapshot 1`] = `
.c0 {
  display: flex;
  flex-wrap: wrap;
  align-items: center;
  justify-content: space-between;
  padding: 1rem 2rem;
}

<div>
  <div
    class="c0"
  >
    <div>
      text
    </div>
  </div>
</div>
`;
