// Jest Snapshot v1, https://goo.gl/fbAQLP

exports[`<TextArea /> should match snapshot 1`] = `
.c0 {
  background-color: #18191E;
  border: 1px solid #33353F;
  color: #9CA2A9;
  font-size: 1.5rem;
  border-radius: 0.5rem;
  display: block;
  width: 100%;
  padding: 1.5rem;
  resize: vertical;
  height: 200px;
}

.c0::placeholder {
  color: #9CA2A9;
  font-size: 1.5rem;
}

.c0:focus {
  outline: none;
  border-color: #1E90FF;
}

<div>
  <textarea
    class="c0"
    id="message"
    name="message"
    placeholder="Let's talk about..."
    required=""
  />
</div>
`;
