// Jest Snapshot v1, https://goo.gl/fbAQLP

exports[`<Menu /> should match snapshot 1`] = `
.c0 {
  display: none;
  width: auto;
}

.c0 ul {
  display: flex;
  flex-direction: column;
  padding: 1rem;
}

.c0 ul li {
  list-style: none;
  margin: 0.5rem 0;
}

@media (min-width: 768px) {
  .c0 {
    display: flex;
    align-items: center;
  }
}

@media (min-width: 768px) {
  .c0 ul {
    flex-direction: row;
    padding: 0;
    gap: 1rem;
  }
}

@media (min-width: 768px) {
  .c0 ul li {
    margin: 0;
  }
}

<div>
  <div
    class="c0"
  >
    <div>
      text
    </div>
  </div>
</div>
`;
