// Jest Snapshot v1, https://goo.gl/fbAQLP

exports[`<AboutImageWrapper /> should match snapshot 1`] = `
.c0 {
  margin-top: 4px;
  order: 2;
}

.c0 >img {
  display: block;
  max-width: 100%;
  height: auto;
  border-radius: 10px;
  box-shadow: 0 4px 8px rgba(0, 0, 0, 0.1),0 6px 20px rgba(0, 0, 0, 0.1);
}

@media (min-width: 768px) {
  .c0 {
    margin-top: 0;
  }
}

<div>
  <div
    class="c0"
  >
    <div>
      test
    </div>
  </div>
</div>
`;
