// Jest Snapshot v1, https://goo.gl/fbAQLP

exports[`<Form /> should match snapshot 1`] = `
.c0 {
  display: flex;
  flex-direction: column;
}

<div>
  <form
    class="c0"
  >
    Form content
  </form>
</div>
`;
