// Jest Snapshot v1, https://goo.gl/fbAQLP

exports[`<TextContainer /> should match snapshot 1`] = `
.c0 {
  margin-top: 10px;
  margin-bottom: 10px;
  text-align: center;
  display: flex;
  flex-direction: row;
  justify-content: space-between;
  order: 2;
  height: auto;
}

<div>
  <div
    class="c0"
  >
    <div>
      Test
    </div>
  </div>
</div>
`;
