// Jest Snapshot v1, https://goo.gl/fbAQLP

exports[`<OverlayMenu /> should match snapshot 1`] = `
.c0 {
  list-style: none;
  padding: 0;
  margin: 0;
  text-align: center;
  list-style: none;
}

<div>
  <ul
    class="c0"
  >
    <div>
      text
    </div>
  </ul>
</div>
`;
