// Jest Snapshot v1, https://goo.gl/fbAQLP

exports[`<ProjectSection /> should match snapshot 1`] = `
.c0 {
  margin-top: 30px;
  margin-bottom: 30px;
  text-align: left;
  display: flex;
  flex-direction: column;
  height: auto;
}

.c2 {
  color: #FFFFFF;
  font-size: 3.2rem;
  text-transform: none;
  z-index: 2;
}

.c3 {
  display: flex;
  justify-content: center;
  gap: 1rem;
  padding: 5rem;
}

.c4 {
  background: transparent;
  border: 2px solid #4169E1;
  color: #4169E1;
  padding: 0.5rem 1rem;
  border-radius: 9999px;
  cursor: pointer;
  transition: all 0.3s ease-in-out;
}

.c4:hover {
  border-color: #4169E1;
  color: #4169E1;
}

.c5 {
  background: transparent;
  border: 2px solid #ADB7BE;
  color: #ADB7BE;
  padding: 0.5rem 1rem;
  border-radius: 9999px;
  cursor: pointer;
  transition: all 0.3s ease-in-out;
}

.c5:hover {
  border-color: #4169E1;
  color: #4169E1;
}

.c6 {
  display: flex;
  flex-wrap: wrap;
  justify-content: center;
  gap: 5rem;
}

.c7 {
  width: 300px;
  height: 300px;
  background: #181818;
  border-radius: 0.5rem;
  overflow: hidden;
  display: flex;
  flex-direction: column;
  justify-content: space-between;
  position: relative;
  transition: transform 0.3s ease-in-out;
}

.c7:hover {
  transform: scale(1.05);
}

.c11 {
  position: absolute;
  z-index: 2;
  transition: opacity 0.3s ease-in-out,visibility 0.3s ease-in-out;
  color: white;
  text-align: center;
  overflow: hidden;
  text-overflow: ellipsis;
  top: 50%;
  width: 100%;
  line-break: auto;
  font-size: 2.5rem;
}

.c11.hide {
  opacity: 0;
  visibility: hidden;
}

.c11.show {
  opacity: 1;
  visibility: visible;
}

.c8 {
  border-top-left-radius: 1rem;
  border-top-right-radius: 1rem;
  background: url(/images/1.png) no-repeat center center/cover;
  position: relative;
  height: 100%;
}

.c12 {
  border-top-left-radius: 1rem;
  border-top-right-radius: 1rem;
  background: url(/images/2.png) no-repeat center center/cover;
  position: relative;
  height: 100%;
}

.c13 {
  border-top-left-radius: 1rem;
  border-top-right-radius: 1rem;
  background: url(/images/3.png) no-repeat center center/cover;
  position: relative;
  height: 100%;
}

.c14 {
  border-top-left-radius: 1rem;
  border-top-right-radius: 1rem;
  background: url(/images/4.png) no-repeat center center/cover;
  position: relative;
  height: 100%;
}

.c15 {
  border-top-left-radius: 1rem;
  border-top-right-radius: 1rem;
  background: url(/images/5.png) no-repeat center center/cover;
  position: relative;
  height: 100%;
}

.c16 {
  border-top-left-radius: 1rem;
  border-top-right-radius: 1rem;
  background: url(/images/6.png) no-repeat center center/cover;
  position: relative;
  height: 100%;
}

.c10 {
  height: 3.5rem;
  width: 3.5rem;
  border: 0.125rem solid #adb7be;
  border-radius: 50%;
  display: flex;
  align-items: center;
  justify-content: center;
  position: relative;
  transition: border-color 0.3s ease-in-out,visibility 0.2s ease-in-out,opacity 0.2s ease-in-out;
  visibility: hidden;
  opacity: 0;
}

.c10:hover {
  border-color: white;
}

.c10:hover .icon {
  color: white;
}

.c10 .icon {
  height: 2.5rem;
  width: 2.5rem;
  color: #adb7be;
  transition: color 0.3s ease-in-out;
}

.c9 {
  display: flex;
  justify-content: center;
  align-items: center;
  gap: 1rem;
  position: absolute;
  top: 0;
  left: 0;
  width: 100%;
  height: 100%;
  background: rgba(24, 24, 24, 0.8);
  z-index: 1;
}

.c9.show {
  opacity: 1;
  visibility: visible;
}

.c9:hover a {
  visibility: visible;
  opacity: 1;
  transition: opacity 0.2s ease-in-out,visibility 0.2s ease-in-out;
}

.c1 {
  background: linear-gradient(to right, #1E90FF, #4169E1, #00008B);
  -webkit-background-clip: text;
  -webkit-text-fill-color: transparent;
}

@media (min-width: 768px) {
  .c0 {
    margin-top: 0;
  }
}

@media (max-width: 768px) {
  .c7 {
    width: 100%;
  }
}

@media (max-width: 768px) {
  .c11 {
    width: 100%;
  }
}

@media (max-width: 640px) {
  .c11 {
    font-size: 1.8rem;
  }
}

@media (min-width: 768px) {
  .c11 {
    bottom: 1rem;
  }
}

<div>
  <div
    class="c0"
  >
    <span
      class="c1"
      from="#1E90FF"
      to="#00008B"
      via="#4169E1"
    >
      <h2
        class="c2"
      >
        Projects
      </h2>
    </span>
    <div
      class="c3"
    >
      <div
        class="c4"
      >
        All
      </div>
      <div
        class="c5"
      >
        Web
      </div>
      <div
        class="c5"
      >
        Mobile
      </div>
    </div>
    <div
      class="c6"
    >
      <div
        class="c7"
      >
        <div
          class="c8"
          imgurl="/images/1.png"
        >
          <div
            class="c9"
          >
            <a
              class="c10"
              href="/"
            >
              <svg
                aria-hidden="true"
                class="icon"
                data-slot="icon"
                fill="none"
                stroke="currentColor"
                stroke-width="1.5"
                viewBox="0 0 24 24"
                xmlns="http://www.w3.org/2000/svg"
              >
                <path
                  d="M17.25 6.75 22.5 12l-5.25 5.25m-10.5 0L1.5 12l5.25-5.25m7.5-3-4.5 16.5"
                  stroke-linecap="round"
                  stroke-linejoin="round"
                />
              </svg>
            </a>
            <a
              class="c10"
              href="/"
            >
              <svg
                aria-hidden="true"
                class="icon"
                data-slot="icon"
                fill="none"
                stroke="currentColor"
                stroke-width="1.5"
                viewBox="0 0 24 24"
                xmlns="http://www.w3.org/2000/svg"
              >
                <path
                  d="M2.036 12.322a1.012 1.012 0 0 1 0-.639C3.423 7.51 7.36 4.5 12 4.5c4.638 0 8.573 3.007 9.963 7.178.07.207.07.431 0 .639C20.577 16.49 16.64 19.5 12 19.5c-4.638 0-8.573-3.007-9.963-7.178Z"
                  stroke-linecap="round"
                  stroke-linejoin="round"
                />
                <path
                  d="M15 12a3 3 0 1 1-6 0 3 3 0 0 1 6 0Z"
                  stroke-linecap="round"
                  stroke-linejoin="round"
                />
              </svg>
            </a>
          </div>
          <h2
            class="c11 show"
          >
            React Portfolio Website
          </h2>
        </div>
      </div>
      <div
        class="c7"
      >
        <div
          class="c12"
          imgurl="/images/2.png"
        >
          <div
            class="c9"
          >
            <a
              class="c10"
              href="/"
            >
              <svg
                aria-hidden="true"
                class="icon"
                data-slot="icon"
                fill="none"
                stroke="currentColor"
                stroke-width="1.5"
                viewBox="0 0 24 24"
                xmlns="http://www.w3.org/2000/svg"
              >
                <path
                  d="M17.25 6.75 22.5 12l-5.25 5.25m-10.5 0L1.5 12l5.25-5.25m7.5-3-4.5 16.5"
                  stroke-linecap="round"
                  stroke-linejoin="round"
                />
              </svg>
            </a>
            <a
              class="c10"
              href="/"
            >
              <svg
                aria-hidden="true"
                class="icon"
                data-slot="icon"
                fill="none"
                stroke="currentColor"
                stroke-width="1.5"
                viewBox="0 0 24 24"
                xmlns="http://www.w3.org/2000/svg"
              >
                <path
                  d="M2.036 12.322a1.012 1.012 0 0 1 0-.639C3.423 7.51 7.36 4.5 12 4.5c4.638 0 8.573 3.007 9.963 7.178.07.207.07.431 0 .639C20.577 16.49 16.64 19.5 12 19.5c-4.638 0-8.573-3.007-9.963-7.178Z"
                  stroke-linecap="round"
                  stroke-linejoin="round"
                />
                <path
                  d="M15 12a3 3 0 1 1-6 0 3 3 0 0 1 6 0Z"
                  stroke-linecap="round"
                  stroke-linejoin="round"
                />
              </svg>
            </a>
          </div>
          <h2
            class="c11 show"
          >
            Potography Portfolio Website
          </h2>
        </div>
      </div>
      <div
        class="c7"
      >
        <div
          class="c13"
          imgurl="/images/3.png"
        >
          <div
            class="c9"
          >
            <a
              class="c10"
              href="/"
            >
              <svg
                aria-hidden="true"
                class="icon"
                data-slot="icon"
                fill="none"
                stroke="currentColor"
                stroke-width="1.5"
                viewBox="0 0 24 24"
                xmlns="http://www.w3.org/2000/svg"
              >
                <path
                  d="M17.25 6.75 22.5 12l-5.25 5.25m-10.5 0L1.5 12l5.25-5.25m7.5-3-4.5 16.5"
                  stroke-linecap="round"
                  stroke-linejoin="round"
                />
              </svg>
            </a>
            <a
              class="c10"
              href="/"
            >
              <svg
                aria-hidden="true"
                class="icon"
                data-slot="icon"
                fill="none"
                stroke="currentColor"
                stroke-width="1.5"
                viewBox="0 0 24 24"
                xmlns="http://www.w3.org/2000/svg"
              >
                <path
                  d="M2.036 12.322a1.012 1.012 0 0 1 0-.639C3.423 7.51 7.36 4.5 12 4.5c4.638 0 8.573 3.007 9.963 7.178.07.207.07.431 0 .639C20.577 16.49 16.64 19.5 12 19.5c-4.638 0-8.573-3.007-9.963-7.178Z"
                  stroke-linecap="round"
                  stroke-linejoin="round"
                />
                <path
                  d="M15 12a3 3 0 1 1-6 0 3 3 0 0 1 6 0Z"
                  stroke-linecap="round"
                  stroke-linejoin="round"
                />
              </svg>
            </a>
          </div>
          <h2
            class="c11 show"
          >
            E-commerce Application
          </h2>
        </div>
      </div>
      <div
        class="c7"
      >
        <div
          class="c14"
          imgurl="/images/4.png"
        >
          <div
            class="c9"
          >
            <a
              class="c10"
              href="/"
            >
              <svg
                aria-hidden="true"
                class="icon"
                data-slot="icon"
                fill="none"
                stroke="currentColor"
                stroke-width="1.5"
                viewBox="0 0 24 24"
                xmlns="http://www.w3.org/2000/svg"
              >
                <path
                  d="M17.25 6.75 22.5 12l-5.25 5.25m-10.5 0L1.5 12l5.25-5.25m7.5-3-4.5 16.5"
                  stroke-linecap="round"
                  stroke-linejoin="round"
                />
              </svg>
            </a>
            <a
              class="c10"
              href="/"
            >
              <svg
                aria-hidden="true"
                class="icon"
                data-slot="icon"
                fill="none"
                stroke="currentColor"
                stroke-width="1.5"
                viewBox="0 0 24 24"
                xmlns="http://www.w3.org/2000/svg"
              >
                <path
                  d="M2.036 12.322a1.012 1.012 0 0 1 0-.639C3.423 7.51 7.36 4.5 12 4.5c4.638 0 8.573 3.007 9.963 7.178.07.207.07.431 0 .639C20.577 16.49 16.64 19.5 12 19.5c-4.638 0-8.573-3.007-9.963-7.178Z"
                  stroke-linecap="round"
                  stroke-linejoin="round"
                />
                <path
                  d="M15 12a3 3 0 1 1-6 0 3 3 0 0 1 6 0Z"
                  stroke-linecap="round"
                  stroke-linejoin="round"
                />
              </svg>
            </a>
          </div>
          <h2
            class="c11 show"
          >
            Food Ordering Application
          </h2>
        </div>
      </div>
      <div
        class="c7"
      >
        <div
          class="c15"
          imgurl="/images/5.png"
        >
          <div
            class="c9"
          >
            <a
              class="c10"
              href="/"
            >
              <svg
                aria-hidden="true"
                class="icon"
                data-slot="icon"
                fill="none"
                stroke="currentColor"
                stroke-width="1.5"
                viewBox="0 0 24 24"
                xmlns="http://www.w3.org/2000/svg"
              >
                <path
                  d="M17.25 6.75 22.5 12l-5.25 5.25m-10.5 0L1.5 12l5.25-5.25m7.5-3-4.5 16.5"
                  stroke-linecap="round"
                  stroke-linejoin="round"
                />
              </svg>
            </a>
            <a
              class="c10"
              href="/"
            >
              <svg
                aria-hidden="true"
                class="icon"
                data-slot="icon"
                fill="none"
                stroke="currentColor"
                stroke-width="1.5"
                viewBox="0 0 24 24"
                xmlns="http://www.w3.org/2000/svg"
              >
                <path
                  d="M2.036 12.322a1.012 1.012 0 0 1 0-.639C3.423 7.51 7.36 4.5 12 4.5c4.638 0 8.573 3.007 9.963 7.178.07.207.07.431 0 .639C20.577 16.49 16.64 19.5 12 19.5c-4.638 0-8.573-3.007-9.963-7.178Z"
                  stroke-linecap="round"
                  stroke-linejoin="round"
                />
                <path
                  d="M15 12a3 3 0 1 1-6 0 3 3 0 0 1 6 0Z"
                  stroke-linecap="round"
                  stroke-linejoin="round"
                />
              </svg>
            </a>
          </div>
          <h2
            class="c11 show"
          >
            React Firebase Template
          </h2>
        </div>
      </div>
      <div
        class="c7"
      >
        <div
          class="c16"
          imgurl="/images/6.png"
        >
          <div
            class="c9"
          >
            <a
              class="c10"
              href="/"
            >
              <svg
                aria-hidden="true"
                class="icon"
                data-slot="icon"
                fill="none"
                stroke="currentColor"
                stroke-width="1.5"
                viewBox="0 0 24 24"
                xmlns="http://www.w3.org/2000/svg"
              >
                <path
                  d="M17.25 6.75 22.5 12l-5.25 5.25m-10.5 0L1.5 12l5.25-5.25m7.5-3-4.5 16.5"
                  stroke-linecap="round"
                  stroke-linejoin="round"
                />
              </svg>
            </a>
            <a
              class="c10"
              href="/"
            >
              <svg
                aria-hidden="true"
                class="icon"
                data-slot="icon"
                fill="none"
                stroke="currentColor"
                stroke-width="1.5"
                viewBox="0 0 24 24"
                xmlns="http://www.w3.org/2000/svg"
              >
                <path
                  d="M2.036 12.322a1.012 1.012 0 0 1 0-.639C3.423 7.51 7.36 4.5 12 4.5c4.638 0 8.573 3.007 9.963 7.178.07.207.07.431 0 .639C20.577 16.49 16.64 19.5 12 19.5c-4.638 0-8.573-3.007-9.963-7.178Z"
                  stroke-linecap="round"
                  stroke-linejoin="round"
                />
                <path
                  d="M15 12a3 3 0 1 1-6 0 3 3 0 0 1 6 0Z"
                  stroke-linecap="round"
                  stroke-linejoin="round"
                />
              </svg>
            </a>
          </div>
          <h2
            class="c11 show"
          >
            Full-stack Roadmap
          </h2>
        </div>
      </div>
    </div>
  </div>
</div>
`;
