// Jest Snapshot v1, https://goo.gl/fbAQLP

exports[`<Mobile Menu /> should match snapshot 1`] = `
.c0 {
  display: block;
  z-index: 10;
}

@media (min-width: 768px) {
  .c0 {
    display: none;
  }
}

<div>
  <div
    class="c0"
  >
    <div>
      text
    </div>
  </div>
</div>
`;
