// Jest Snapshot v1, https://goo.gl/fbAQLP

exports[`<CardContainer /> should match snapshot 1`] = `
.c0 {
  display: flex;
  flex-wrap: wrap;
  justify-content: center;
  gap: 5rem;
}

<div>
  <div
    class="c0"
  >
    Content
  </div>
</div>
`;
