// Jest Snapshot v1, https://goo.gl/fbAQLP

exports[`<ImageWrapper /> should match snapshot 1`] = `
.c0 {
  border-radius: 9999px;
  background-color: #181818;
  width: 250px;
  height: 250px;
  position: relative;
}

.c0 img {
  position: absolute;
  transform: translate(-50%, -50%);
  top: 50%;
  left: 50%;
  width: 100%;
  height: 100%;
  object-fit: cover;
  border-radius: 9999px;
}

@media (min-width: 1024px) {
  .c0 {
    width: 400px;
    height: 400px;
  }
}

<div>
  <div
    class="c0"
    type="hero-wrapper"
  >
    <img
      alt="hero image"
      src="/images/hero-image.png"
    />
  </div>
</div>
`;
