// Jest Snapshot v1, https://goo.gl/fbAQLP

exports[`<NavLink /> should match snapshot 1`] = `
.c0 {
  display: block;
  padding-top: 0.5rem;
  padding-bottom: 0.5rem;
  padding-left: 0.75rem;
  padding-right: 1rem;
  color: #ADB7BE;
  border-radius: 0.375rem;
  text-decoration: none;
  transition: ease-in-out 0.3s;
}

.c0:hover {
  color: #4169E1;
}

@media (min-width: 768px) {
  .c0 {
    margin-left: 15px;
  }
}

@media ((min-width: 640px)) {
  .c0 {
    font-size: 1.8rem;
  }
}

@media ((min-width: 768px)) {
  .c0 {
    padding: 0;
  }
}

<div>
  <a
    class="c0"
    href="http://localhost"
    target="_self"
  >
    Link
  </a>
</div>
`;
