// Jest Snapshot v1, https://goo.gl/fbAQLP

exports[`<TabContent /> should match snapshot 1`] = `
.c0 {
  margin-top: 8px;
}

<div>
  <div
    class="c0"
  >
    <div>
      Test
    </div>
  </div>
</div>
`;
