// Jest Snapshot v1, https://goo.gl/fbAQLP

exports[`<ProjectTag /> should match snapshot 1`] = `
.c0 {
  border: 2px solid #ADB7BE;
  color: #ADB7BE;
  background: transparent;
  padding: 0.5rem 1rem;
  border-radius: 9999px;
  cursor: pointer;
  transition: all 0.3s ease-in-out;
}

.c0.light {
  border: 2px solid #000000;
  color: #000000;
}

.c0:hover {
  border-color: #4169E1;
  color: #4169E1;
}

<div>
  <div
    class="c0 dark"
    color="#4169E1"
  >
    Test
  </div>
</div>
`;
