// Jest Snapshot v1, https://goo.gl/fbAQLP

exports[`<ProjectOverlay /> should match snapshot 1`] = `
.c0 {
  display: flex;
  justify-content: center;
  align-items: center;
  gap: 1rem;
  position: absolute;
  top: 0;
  left: 0;
  width: 100%;
  height: 100%;
  background: rgba(24, 24, 24, 0.8);
  z-index: 1;
}

.c0.show {
  opacity: 1;
  visibility: visible;
}

.c0:hover a {
  visibility: visible;
  opacity: 1;
  transition: opacity 0.2s ease-in-out,visibility 0.2s ease-in-out;
}

<div>
  <div
    class="c0"
  >
    Test
  </div>
</div>
`;
