// Jest Snapshot v1, https://goo.gl/fbAQLP

exports[`<TagContainer /> should match snapshot 1`] = `
.c0 {
  display: flex;
  justify-content: center;
  gap: 1rem;
  padding: 5rem;
}

<div>
  <div
    class="c0"
  >
    Test
  </div>
</div>
`;
